// Vitest Snapshot v1, https://vitest.dev/guide/snapshot.html

exports[`openaiStrictMode > Optional properties should be set as required 1`] = `
{
  "$schema": "http://json-schema.org/draft-07/schema#",
  "additionalProperties": false,
  "properties": {
    "bar": {
      "anyOf": [
        {
          "type": "number",
        },
        {
          "type": "null",
        },
      ],
    },
    "baz": {
      "anyOf": [
        {
          "additionalProperties": false,
          "properties": {
            "nala": {
              "anyOf": [
                {
                  "type": "string",
                },
                {
                  "type": "null",
                },
              ],
            },
          },
          "required": [
            "nala",
          ],
          "type": "object",
        },
        {
          "type": "null",
        },
      ],
    },
    "foo": {
      "type": "string",
    },
    "nala": {
      "default": "cat",
      "type": "string",
    },
  },
  "required": [
    "foo",
    "bar",
    "baz",
    "nala",
  ],
  "type": "object",
}
`;
